[on #0 warmup] 32.11 tok/s, wall 38.15s, tokens 1225, peakRSS 1814.7MB
[off #0 warmup] 32.93 tok/s, wall 37.20s, tokens 1225, peakRSS 1814.6MB
[on #1] 31.53 tok/s, wall 38.85s, tokens 1225, peakRSS 1814.6MB
[off #1] 32.44 tok/s, wall 37.76s, tokens 1225, peakRSS 1814.5MB
[on #2] 32.54 tok/s, wall 37.65s, tokens 1225, peakRSS 1815.0MB
[off #2] 32.54 tok/s, wall 37.64s, tokens 1225, peakRSS 1814.7MB
[on #3] 32.33 tok/s, wall 37.89s, tokens 1225, peakRSS 1814.6MB
[off #3] 32.64 tok/s, wall 37.53s, tokens 1225, peakRSS 1814.7MB
[on #4] 32.37 tok/s, wall 37.85s, tokens 1225, peakRSS 1814.5MB
[off #4] 32.37 tok/s, wall 37.85s, tokens 1225, peakRSS 1814.5MB
[on #5] 32.44 tok/s, wall 37.76s, tokens 1225, peakRSS 1814.8MB
[off #5] 32.58 tok/s, wall 37.60s, tokens 1225, peakRSS 1814.5MB
[on #6] 32.31 tok/s, wall 37.91s, tokens 1225, peakRSS 1814.9MB
[off #6] 32.68 tok/s, wall 37.48s, tokens 1225, peakRSS 1814.9MB
[on #7] 32.41 tok/s, wall 37.80s, tokens 1225, peakRSS 1814.5MB
[off #7] 31.83 tok/s, wall 38.49s, tokens 1225, peakRSS 1814.2MB
{
  "per_arm_kept": 7,
  "on": {
    "n": 7,
    "median_tok_s": 32.365757985549095,
    "q1": 32.31031184315093,
    "q3": 32.438041447515005,
    "min": 31.530670504804306,
    "max": 32.538832008137604,
    "stdev": 0.3117920773762433,
    "median_wall_s": 37.848642400000244,
    "token_counts": [
      1225
    ]
  },
  "off": {
    "n": 7,
    "median_tok_s": 32.54473983833156,
    "q1": 32.36611073323023,
    "q3": 32.64023408286219,
    "min": 31.829691351901584,
    "max": 32.679923124978984,
    "stdev": 0.2689068481216137,
    "median_wall_s": 37.64049140000134,
    "token_counts": [
      1225
    ]
  },
  "overhead_pct_median": 0.55,
  "ranges_overlap": true,
  "iqr_overlap": true,
  "determinism_ok": true,
  "verdict": "indistinguishable from noise"
}
